============================= test session starts =============================
platform win32 -- Python 3.12.6, pytest-9.0.2, pluggy-1.6.0
rootdir: C:\Users\rabee\Desktop\ALGOTRADE BOT\AlgoTrade-Bot-
collected 0 items / 1 error

=================================== ERRORS ====================================
________________ ERROR collecting tests/test_signal_scoring.py ________________
tests\test_signal_scoring.py:3: in <module>
    from trading_bot.models import TradeSignal, Side, SetupType
trading_bot\models.py:18: in <module>
    @dataclass
     ^^^^^^^^^
C:\Python312\Lib\dataclasses.py:1275: in dataclass
    return wrap(cls)
           ^^^^^^^^^
C:\Python312\Lib\dataclasses.py:1265: in wrap
    return _process_class(cls, init, repr, eq, order, unsafe_hash,
C:\Python312\Lib\dataclasses.py:1063: in _process_class
    _init_fn(all_init_fields,
C:\Python312\Lib\dataclasses.py:585: in _init_fn
    raise TypeError(f'non-default argument {f.name!r} '
E   TypeError: non-default argument 'created_at' follows default argument
=========================== short test summary info ===========================
ERROR tests/test_signal_scoring.py - TypeError: non-default argument 'created...
!!!!!!!!!!!!!!!!!!! Interrupted: 1 error during collection !!!!!!!!!!!!!!!!!!!!
============================== 1 error in 0.97s ===============================
